TRACE:sweep_leak:	GC:Checked 100 blocks.
TRACE:sweep_leak:		GC:SUCCESS: No leaks found!
TRACE:check_no_leak:GC: SUCCESS: no leaks!
TRACE:notmain:last alloc = block id=100 
