TRACE:sweep_leak:	GC:Checked 2 blocks.
TRACE:sweep_leak:		GC:SUCCESS: No leaks found!
TRACE:check_no_leak:GC: SUCCESS: no leaks!
TRACE:notmain:last alloc = block_id=2, 
