TRACE:test1:alloc returned block id=1 
TRACE:notmain:test1 returned 
TRACE:sweep_leak:	GC:Checked 1 blocks.
TRACE:sweep_leak:		GC:SUCCESS: No leaks found!
TRACE:sweep_leak:ERROR:GC:MAYBE LEAK of block 1  (no pointer to the start)
TRACE:hdr_print:	logical block id=1,  nbytes=4
TRACE:hdr_print:	Block allocated at: tests/gc-test6-no-leak.c:test1:12
TRACE:sweep_leak:	GC:Checked 1 blocks.
TRACE:sweep_leak:		GC:ERRORS: 0 errors, 1 maybe_errors
TRACE:notmain:SUCCESS: detected a maybe leak!
